// Jest Snapshot v1, https://goo.gl/fbAQLP

exports[`renders with peoples correctly 1`] = `
<div>
  <p>
    peoples works!
  </p>
  <table
    border="1"
  >
    <thead>
      <tr>
        <th>
          ID
        </th>
        <th>
          Name
        </th>
      </tr>
    </thead>
    <tbody>
      <tr>
        <td>
          1
        </td>
        <td>
          bob
        </td>
      </tr>
      <tr>
        <td>
          2
        </td>
        <td>
          alice
        </td>
      </tr>
      <tr>
        <td>
          3
        </td>
        <td>
          John
        </td>
      </tr>
    </tbody>
  </table>
</div>
`;
